// Jest Snapshot v1, https://goo.gl/fbAQLP

exports[`<SearchBoxContainer /> renders correctly 1`] = `
<SearchBox
  handleEnterKey={[Function]}
/>
`;
