// Jest Snapshot v1, https://goo.gl/fbAQLP

exports[`<Favorites /> renders correctly 1`] = `
<div>
  Error
</div>
`;
